// Jest Snapshot v1, https://goo.gl/fbAQLP

exports[`dashboard has no vulnerabilities empty state matches snapshot 1`] = `
"<section class=\\"gl-display-flex gl-mt-0 empty-state gl-text-center gl-flex-direction-column\\">
  <div class=\\"gl-max-w-full\\">
    <div class=\\"svg-250 svg-content\\"><img src=\\"/placeholder.svg\\" alt=\\"\\" role=\\"img\\" class=\\"gl-max-w-full\\"></div>
  </div>
  <div class=\\"gl-max-w-full gl-m-auto\\">
    <div class=\\"gl-mx-auto gl-my-0 gl-p-5\\">
      <h1 class=\\"gl-font-size-h-display gl-line-height-36 h4\\">
        No vulnerabilities found
      </h1>
      <p class=\\"gl-mt-3\\">
        Although it's rare to have no vulnerabilities, it can happen. Check your settings to make sure you've set up your dashboard correctly.
      </p>
      <div class=\\"gl-display-flex gl-flex-wrap gl-justify-content-center\\"><a href=\\"/path/to/dashboard/documentation\\" class=\\"btn gl-mb-3 btn-confirm btn-md gl-button gl-mx-2\\">
          <!---->
          <!----> <span class=\\"gl-button-text\\">Learn more about setting up your dashboard</span></a>
        <!---->
      </div>
    </div>
  </div>
</section>"
`;
